******************************************************************************
                  TI ARM Linker PC v18.12.2                    
******************************************************************************
>> Linked Wed Oct  2 17:51:17 2019

OUTPUT FILE NAME:   <pwmled2_CC3220S_LAUNCHXL_tirtos_ccs.out>
ENTRY POINT SYMBOL: "_c_int00"  address: 2000fb5d


MEMORY CONFIGURATION

         name            origin    length      used     unused   attr    fill
----------------------  --------  ---------  --------  --------  ----  --------
  SRAM0                 20000000   00004000  0000070c  000038f4  RW X
  SRAM                  20004000   0003c000  0000e796  0002d86a  RW X


SEGMENT ALLOCATION MAP

run origin  load origin   length   init length attrs members
----------  ----------- ---------- ----------- ----- -------
20003c00    20003c00    00000400   00000000    rw-
  20003c00    20003c00    00000400   00000000    rw- .stack
20004000    20004000    00008040   0000003c    r--
  20004000    20004000    0000003c   0000003c    r-- .resetVecs
  20004040    20004040    00008000   00000000    r-- .priheap
2000c040    2000c040    000056ec   000056ec    r-x
  2000c040    2000c040    00004fba   00004fba    r-x .text
  20010ffc    20010ffc    00000730   00000730    r-- .const
2001172c    2001172c    00000714   00000000    rw-
  2001172c    2001172c    00000714   00000000    rw- .data
20011e40    20011e40    000006e4   00000000    rw-
  20011e40    20011e40    000006e4   00000000    rw- .bss
20012528    20012528    00000278   00000278    r--
  20012528    20012528    00000278   00000278    r-- .cinit


SECTION ALLOCATION MAP

 output                                  attributes/
section   page    origin      length       input sections
--------  ----  ----------  ----------   ----------------
.vecs      0    20000000    0000030c     NOLOAD SECTION
                  20000000    0000030c     release_pem4.oem4 (.vecs)

.stack     0    20003c00    00000400     UNINITIALIZED
                  20003c00    00000400     --HOLE--

.text      0    2000c040    00004fba     
                  2000c040    0000042c     driverlib.a : prcm.obj (.text:PRCMCC3200MCUInit)
                  2000c46c    000001d8     drivers_cc32xx.aem4 : GPIOCC32XX.oem4 (.text:GPIO_setConfig)
                  2000c644    000001a4     pwmled2.obj (.text:gpioButtonFxn1)
                  2000c7e8    0000014c     dpl_cc32xx.aem4 : PowerCC32XX_tirtos.oem4 (.text:PowerCC32XX_sleepPolicy)
                  2000c934    00000148     drivers_cc32xx.aem4 : PowerCC32XX.oem4 (.text:parkPins)
                  2000ca7c    00000140                         : PWMTimerCC32XX.oem4 (.text:PWMTimerCC32XX_setDutyAndPeriod)
                  2000cbbc    00000004     dpl_cc32xx.aem4 : ClockP_tirtos.oem4 (.text:ClockP_getCpuFreq)
                  2000cbc0    00000130     sysbios.aem4 : BIOS.obj (.text:ti_sysbios_knl_Semaphore_pend__E)
                  2000ccf0    0000011c     drivers_cc32xx.aem4 : PowerCC32XX.oem4 (.text:Power_sleep)
                  2000ce0c    00000004     dpl_cc32xx.aem4 : HwiP_tirtos.oem4 (.text:HwiP_disable)
                  2000ce10    0000011c     sysbios.aem4 : BIOS.obj (.text:xdc_runtime_Startup_startMods__I)
                  2000cf2c    00000004     dpl_cc32xx.aem4 : SemaphoreP_tirtos.oem4 (.text:SemaphoreP_post)
                  2000cf30    00000110     sysbios.aem4 : BIOS.obj (.text:ti_sysbios_knl_Task_postInit__I)
                  2000d040    00000104                  : BIOS.obj (.text:ti_sysbios_knl_Task_Instance_finalize__E)
                  2000d144    00000004     release_pem4.oem4 (.text:ti_sysbios_BIOS_RtsGateProxy_enter__E)
                  2000d148    000000fc     sysbios.aem4 : BIOS.obj (.text:ti_sysbios_knl_Task_Instance_init__E)
                  2000d244    000000f0     drivers_cc32xx.aem4 : PWMTimerCC32XX.oem4 (.text:PWMTimerCC32XX_open)
                  2000d334    00000004     release_pem4.oem4 (.text:ti_sysbios_BIOS_RtsGateProxy_leave__E)
                  2000d338    000000f0     sysbios.aem4 : BIOS.obj (.text:pthread_create)
                  2000d428    000000dc     pwmled2.obj (.text:mainThread)
                  2000d504    000000d0     sysbios.aem4 : m3_Hwi_asm.obj (.text:ti_sysbios_family_arm_m3_Hwi_dispatch__I)
                  2000d5d4    00000004     release_pem4.oem4 (.text:ti_sysbios_family_arm_m3_TaskSupport_Module__startupDone__S)
                  2000d5d8    000000d0     sysbios.aem4 : BIOS.obj (.text:ti_sysbios_heaps_HeapMem_alloc__E)
                  2000d6a8    000000c4     drivers_cc32xx.aem4 : GPIOCC32XX.oem4 (.text:GPIO_init)
                  2000d76c    000000c4                         : PWMTimerCC32XX.oem4 (.text:PWMTimerCC32XX_stop)
                  2000d830    000000c4     sysbios.aem4 : BIOS.obj (.text:ti_sysbios_knl_Task_sleep__E)
                  2000d8f4    000000c0     drivers_cc32xx.aem4 : PowerCC32XX.oem4 (.text:restoreParkedPins)
                  2000d9b4    00000004     release_pem4.oem4 (.text:ti_sysbios_heaps_HeapMem_Module_GateProxy_enter__E)
                  2000d9b8    000000bc     sysbios.aem4 : BIOS.obj (.text:xdc_runtime_Core_createObject__I)
                  2000da74    000000b8     drivers_cc32xx.aem4 : PWMTimerCC32XX.oem4 (.text:PWMTimerCC32XX_setDuty)
                  2000db2c    000000a8                         : PowerCC32XX.oem4 (.text:PowerCC32XX_configureWakeup)
                  2000dbd4    000000a4                         : PWMTimerCC32XX.oem4 (.text:initHw)
                  2000dc78    000000a4     sysbios.aem4 : BIOS.obj (.text:ti_sysbios_knl_Task_setPri__E)
                  2000dd1c    000000a0     auto_init.aem4 : auto_init.oem4 (.text)
                  2000ddbc    00000004     release_pem4.oem4 (.text:ti_sysbios_heaps_HeapMem_Module_GateProxy_leave__E)
                  2000ddc0    0000009c     sysbios.aem4 : BIOS.obj (.text:_pthread_removeThreadKeys)
                  2000de5c    0000009c     rtsv7M4_T_le_eabi.lib : memcpy_t2.asm.obj (.text)
                  2000def8    00000098     drivers_cc32xx.aem4 : PWMTimerCC32XX.oem4 (.text:PWMTimerCC32XX_setPeriod)
                  2000df90    00000098                         : GPIOCC32XX.oem4 (.text:powerNotifyFxn)
                  2000e028    00000098     sysbios.aem4 : BIOS.obj (.text:ti_sysbios_family_arm_m3_Hwi_Instance_init__E)
                  2000e0c0    00000096     rtsv7M4_T_le_eabi.lib : ull_div_t2.asm.obj (.text)
                  2000e156    00000002     drivers_cc32xx.aem4 : PWMTimerCC32XX.oem4 (.text:PWMTimerCC32XX_init)
                  2000e158    00000094     sysbios.aem4 : BIOS.obj (.text:ti_sysbios_knl_Task_exit__E)
                  2000e1ec    00000090     drivers_cc32xx.aem4 : PowerCC32XX.oem4 (.text:restoreNVICRegs)
                  2000e27c    00000004     release_pem4.oem4 (.text:ti_sysbios_knl_Clock_TimerProxy_getMaxTicks__E)
                  2000e280    00000090     sysbios.aem4 : BIOS.obj (.text:ti_sysbios_knl_Task_Module_startup__E)
                  2000e310    0000008c                  : BIOS.obj (.text:xdc_runtime_Memory_alloc__E)
                  2000e39c    00000088     drivers_cc32xx.aem4 : PWMTimerCC32XX.oem4 (.text:PWMTimerCC32XX_close)
                  2000e424    00000088     driverlib.a : pin.obj (.text:PinConfigSet)
                  2000e4ac    00000004     release_pem4.oem4 (.text:ti_sysbios_knl_Clock_TimerProxy_setPeriodMicroSecs__E)
                  2000e4b0    00000088     sysbios.aem4 : BIOS.obj (.text:ti_sysbios_family_arm_m3_Hwi_initNVIC__E)
                  2000e538    00000088                  : BIOS.obj (.text:ti_sysbios_family_arm_m3_TaskSupport_start__E)
                  2000e5c0    00000086                  : BIOS.obj (.text:xdc_runtime_Core_constructObject__I)
                  2000e646    00000002     rtsv7M4_T_le_eabi.lib : _lock.c.obj (.text:_nop)
                  2000e648    00000084     drivers_cc32xx.aem4 : PowerCC32XX.oem4 (.text:Power_init)
                  2000e6cc    00000084                         : PowerCC32XX.oem4 (.text:saveNVICRegs)
                  2000e750    00000084     sysbios.aem4 : BIOS.obj (.text:ti_sysbios_family_arm_m3_Hwi_postInit__I)
                  2000e7d4    00000004     release_pem4.oem4 (.text:ti_sysbios_knl_Clock_TimerProxy_start__E)
                  2000e7d8    00000084     sysbios.aem4 : BIOS.obj (.text:ti_sysbios_heaps_HeapMem_free__E)
                  2000e85c    00000080     drivers_cc32xx.aem4 : PowerCC32XX.oem4 (.text:Power_setDependency)
                  2000e8dc    00000004     release_pem4.oem4 (.text:ti_sysbios_knl_Clock_TimerProxy_stop__E)
                  2000e8e0    00000080     sysbios.aem4 : BIOS.obj (.text:ti_sysbios_knl_Clock_workFunc__E)
                  2000e960    0000007a     rtsv7M4_T_le_eabi.lib : memset_t2.asm.obj (.text)
                  2000e9da    00000002                           : div0.asm.obj (.text)
                  2000e9dc    00000078     drivers_cc32xx.aem4 : GPIOCC32XX.oem4 (.text:GPIO_hwiIntFxn)
                  2000ea54    00000004     release_pem4.oem4 (.text:ti_sysbios_knl_Semaphore_delete)
                  2000ea58    00000074     sysbios.aem4 : BIOS.obj (.text:xdc_runtime_Core_deleteObject__I)
                  2000eacc    00000004     release_pem4.oem4 (.text:ti_sysbios_knl_Task_delete)
                  2000ead0    00000070     sysbios.aem4 : BIOS.obj (.text:ti_sysbios_heaps_HeapMem_initPrimary__I)
                  2000eb40    0000006c                  : BIOS.obj (.text:ti_sysbios_knl_Swi_restoreHwi__E)
                  2000ebac    00000068     drivers_cc32xx.aem4 : PWMTimerCC32XX.oem4 (.text:PWMTimerCC32XX_start)
                  2000ec14    00000068     rtsv7M4_T_le_eabi.lib : copy_decompress_lzss.c.obj (.text:decompress:lzss:__TI_decompress_lzss)
                  2000ec7c    00000004     release_pem4.oem4 (.text:xdc_runtime_System_Module_GateProxy_enter__E)
                  2000ec80    00000068     sysbios.aem4 : BIOS.obj (.text:pthread_exit)
                  2000ece8    00000064     drivers_cc32xx.aem4 : PowerCC32XX.oem4 (.text:PowerCC32XX_setParkState)
                  2000ed4c    00000064     main_tirtos.obj (.text:main)
                  2000edb0    00000064     sysbios.aem4 : BIOS.obj (.text:ti_sysbios_family_arm_m3_Hwi_dispatchC__I)
                  2000ee14    00000060     driverlib.a : prcm.obj (.text:PRCMSysResetCauseGet)
                  2000ee74    00000004     release_pem4.oem4 (.text:xdc_runtime_System_Module_GateProxy_leave__E)
                  2000ee78    00000060     sysbios.aem4 : BIOS.obj (.text:ti_sysbios_knl_Semaphore_post__E)
                  2000eed8    00000060                  : BIOS.obj (.text:ti_sysbios_knl_Swi_run__I)
                  2000ef38    0000005c     drivers_cc32xx.aem4 : GPIOCC32XX.oem4 (.text:GPIO_setCallback)
                  2000ef94    00000002     release_pem4.oem4 (.text:ti_sysbios_BIOS_nullFunc__I)
                  2000ef96    00000002     release_pem4.oem4 (.text:xdc_runtime_Startup_reset__I)
                  2000ef98    0000005c     sysbios.aem4 : BIOS.obj (.text:ti_sysbios_family_arm_m3_Timer_start__E)
                  2000eff4    00000004     --HOLE-- [fill = 0]
                  2000eff8    0000005c                  : BIOS.obj (.text:ti_sysbios_knl_Swi_schedule__I)
                  2000f054    00000004     --HOLE-- [fill = 0]
                  2000f058    0000005c                  : BIOS.obj (.text:ti_sysbios_knl_Task_startCore__E)
                  2000f0b4    00000004     --HOLE-- [fill = 0]
                  2000f0b8    0000005c                  : BIOS.obj (.text:xdc_runtime_Startup_exec__E)
                  2000f114    00000058     driverlib.a : prcm.obj (.text:PRCMPeripheralReset)
                  2000f16c    00000058     drivers_cc32xx.aem4 : PowerCC32XX.oem4 (.text:Power_releaseDependency)
                  2000f1c4    00000004     --HOLE-- [fill = 0]
                  2000f1c8    00000058     sysbios.aem4 : BIOS.obj (.text:ti_sysbios_family_arm_cc32xx_Seconds_getCount__I)
                  2000f220    00000054                  : BIOS.obj (.text:ti_sysbios_family_arm_cc32xx_Seconds_getTime__E)
                  2000f274    00000054     release_pem4.oem4 (.text:ti_sysbios_family_arm_m3_Hwi_create)
                  2000f2c8    00000054     sysbios.aem4 : BIOS.obj (.text:ti_sysbios_family_arm_m3_Timer_setPeriod__E)
                  2000f31c    00000004     --HOLE-- [fill = 0]
                  2000f320    00000054                  : BIOS.obj (.text:xdc_runtime_Core_assignLabel__I)
                  2000f374    00000052     drivers_cc32xx.aem4 : PowerCC32XX_asm.oem4 (.text:PowerCC32XX_resumeLPDS)
                  2000f3c6    00000002     --HOLE-- [fill = 0]
                  2000f3c8    00000050                         : TimerCC32XX.oem4 (.text:TimerCC32XX_allocateTimerResource)
                  2000f418    00000050     sysbios.aem4 : BIOS.obj (.text:ti_sysbios_family_arm_m3_Hwi_Module_startup__E)
                  2000f468    00000050     release_pem4.oem4 (.text:ti_sysbios_knl_Task_create)
                  2000f4b8    0000004c     drivers_cc32xx.aem4 : GPIOCC32XX.oem4 (.text:GPIO_enableInt)
                  2000f504    0000004c                         : PowerCC32XX.oem4 (.text:PowerCC32XX_parkPin)
                  2000f550    0000004c     rtsv7M4_T_le_eabi.lib : cpy_tbl.c.obj (.text:copy_in)
                  2000f59c    0000004c     drivers_cc32xx.aem4 : PWMTimerCC32XX.oem4 (.text:getDutyCounts)
                  2000f5e8    0000004c                         : PWMTimerCC32XX.oem4 (.text:getPeriodCounts)
                  2000f634    0000004c                         : PowerCC32XX.oem4 (.text:restorePeriphClocks)
                  2000f680    0000004c     sysbios.aem4 : BIOS.obj (.text:ti_sysbios_heaps_HeapMem_getStats__E)
                  2000f6cc    00000004     --HOLE-- [fill = 0]
                  2000f6d0    0000004c                  : BIOS.obj (.text:ti_sysbios_knl_Swi_runLoop__I)
                  2000f71c    00000004     --HOLE-- [fill = 0]
                  2000f720    0000004c                  : BIOS.obj (.text:ti_sysbios_knl_Task_allBlockedFunction__I)
                  2000f76c    00000004     --HOLE-- [fill = 0]
                  2000f770    0000004c                  : BIOS.obj (.text:ti_sysbios_knl_Task_schedule__I)
                  2000f7bc    00000048     driverlib.a : flash.obj (.text:FlashDisable)
                  2000f804    00000048                 : prcm.obj (.text:PRCMLPDSEnter)
                  2000f84c    00000048                 : prcm.obj (.text:PRCMPeripheralClkEnable)
                  2000f894    00000048     drivers_cc32xx.aem4 : PowerCC32XX.oem4 (.text:Power_releaseConstraint)
                  2000f8dc    00000004     --HOLE-- [fill = 0]
                  2000f8e0    00000048     sysbios.aem4 : BIOS.obj (.text:ti_sysbios_family_arm_m3_Hwi_disableInterrupt__E)
                  2000f928    00000048                  : BIOS.obj (.text:ti_sysbios_family_arm_m3_Hwi_enableInterrupt__E)
                  2000f970    00000048                  : m3_Hwi_asm_switch.obj (.text:ti_sysbios_family_arm_m3_Hwi_initStacks__E)
                  2000f9b8    00000048                  : BIOS.obj (.text:ti_sysbios_family_arm_m3_Timer_initDevice__I)
                  2000fa00    00000048                  : BIOS.obj (.text:ti_sysbios_knl_Mailbox_Module_startup__E)
                  2000fa48    00000048                  : BIOS.obj (.text:xdc_runtime_Core_assignParams__I)
                  2000fa90    00000044     driverlib.a : prcm.obj (.text:PRCMLPDSRestoreInfoSet)
                  2000fad4    00000044     drivers_cc32xx.aem4 : PWM.oem4 (.text:PWM_init)
                  2000fb18    00000044                         : PowerCC32XX_asm.oem4 (.text:PowerCC32XX_enterLPDS)
                  2000fb5c    00000044     boot.aem4 : boot.oem4 (.text)
                  2000fba0    00000044     sysbios.aem4 : BIOS.obj (.text:ti_sysbios_family_arm_m3_Hwi_getStackInfo__E)
                  2000fbe4    00000004     --HOLE-- [fill = 0]
                  2000fbe8    00000044                  : BIOS.obj (.text:ti_sysbios_knl_Mailbox_postInit__I)
                  2000fc2c    00000004     --HOLE-- [fill = 0]
                  2000fc30    00000044                  : BIOS.obj (.text:ti_sysbios_knl_Swi_post__E)
                  2000fc74    00000004     --HOLE-- [fill = 0]
                  2000fc78    00000044                  : BIOS.obj (.text:xdc_runtime_System_atexit__E)
                  2000fcbc    00000040     dpl_cc32xx.aem4 : HwiP_tirtos.oem4 (.text:HwiP_create)
                  2000fcfc    00000040     drivers_cc32xx.aem4 : PWM.oem4 (.text:PWM_open)
                  2000fd3c    00000040     driverlib.a : pin.obj (.text:PinModeSet)
                  2000fd7c    00000004     --HOLE-- [fill = 0]
                  2000fd80    00000040     sysbios.aem4 : BIOS.obj (.text:ti_sysbios_heaps_HeapMem_Instance_init__E)
                  2000fdc0    0000003c     drivers_cc32xx.aem4 : PowerCC32XX.oem4 (.text:Power_setConstraint)
                  2000fdfc    00000004     --HOLE-- [fill = 0]
                  2000fe00    0000003c     sysbios.aem4 : BIOS.obj (.text:ti_sysbios_family_arm_m3_Hwi_Instance_finalize__E)
                  2000fe3c    00000004     --HOLE-- [fill = 0]
                  2000fe40    0000003c                  : BIOS.obj (.text:ti_sysbios_family_arm_m3_Timer_setPeriodMicroSecs__E)
                  2000fe7c    00000004     --HOLE-- [fill = 0]
                  2000fe80    0000003c                  : BIOS.obj (.text:ti_sysbios_knl_Clock_walkQueuePeriodic__E)
                  2000febc    00000004     --HOLE-- [fill = 0]
                  2000fec0    0000003c                  : BIOS.obj (.text:ti_sysbios_knl_Swi_restore__E)
                  2000fefc    00000004     --HOLE-- [fill = 0]
                  2000ff00    0000003c                  : BIOS.obj (.text:usleep)
                  2000ff3c    00000004     --HOLE-- [fill = 0]
                  2000ff40    0000003c                  : BIOS.obj (.text:xdc_runtime_System_processAtExit__E)
                  2000ff7c    0000003a     dpl_cc32xx.aem4 : PowerCC32XX_tirtos.oem4 (.text:getCountsRTC)
                  2000ffb6    0000003a     drivers_cc32xx.aem4 : PWMTimerCC32XX.oem4 (.text:getPowerMgrId)
                  2000fff0    00000038     driverlib.a : prcm.obj (.text:PRCMLPDSEnterKeepDebugIf)
                  20010028    00000038     drivers_cc32xx.aem4 : PowerCC32XX.oem4 (.text:notify)
                  20010060    00000038     sysbios.aem4 : BIOS.obj (.text:ti_sysbios_knl_Task_processVitalTaskFlag__I)
                  20010098    00000034     driverlib.a : pin.obj (.text:PinModeGet)
                  200100cc    00000034     drivers_cc32xx.aem4 : TimerCC32XX.oem4 (.text:TimerCC32XX_freeTimerResource)
                  20010100    00000034     sysbios.aem4 : BIOS.obj (.text:_pthread_delete$41)
                  20010134    00000034     drivers_cc32xx.aem4 : TimerCC32XX.oem4 (.text:getPowerMgrId)
                  20010168    00000034     sysbios.aem4 : BIOS.obj (.text:ti_sysbios_family_arm_m3_Timer_periodicStub__I)
                  2001019c    00000034     release_pem4.oem4 (.text:ti_sysbios_knl_Semaphore_create)
                  200101d0    00000032     sysbios.aem4 : BIOS.obj (.text:ti_sysbios_hal_Hwi_initStack)
                  20010202    00000030     drivers_cc32xx.aem4 : PowerCC32XX.oem4 (.text:PowerCC32XX_restoreParkedPin)
                  20010232    00000002     --HOLE-- [fill = 0]
                  20010234    00000030     release_pem4.oem4 (.text:ti_sysbios_BIOS_atExitFunc__I)
                  20010264    00000030     release_pem4.oem4 (.text:ti_sysbios_BIOS_startFunc__I)
                  20010294    00000030     release_pem4.oem4 (.text:ti_sysbios_gates_GateHwi_Object__create__S)
                  200102c4    00000030     release_pem4.oem4 (.text:ti_sysbios_gates_GateMutex_Object__create__S)
                  200102f4    00000004     --HOLE-- [fill = 0]
                  200102f8    00000030     sysbios.aem4 : BIOS.obj (.text:ti_sysbios_gates_GateMutex_enter__E)
                  20010328    00000030     release_pem4.oem4 (.text:ti_sysbios_heaps_HeapMem_Object__create__S)
                  20010358    00000030     release_pem4.oem4 (.text:ti_sysbios_knl_Semaphore_construct)
                  20010388    00000030     sysbios.aem4 : BIOS.obj (.text:ti_sysbios_knl_Semaphore_pendTimeout__I)
                  200103b8    00000030                  : BIOS.obj (.text:ti_sysbios_knl_Task_restore__E)
                  200103e8    00000030                  : BIOS.obj (.text:ti_sysbios_knl_Task_unblockI__E)
                  20010418    0000002c     dpl_cc32xx.aem4 : SemaphoreP_tirtos.oem4 (.text:SemaphoreP_createBinary)
                  20010444    00000004     --HOLE-- [fill = 0]
                  20010448    0000002c     sysbios.aem4 : BIOS.obj (.text:_pthread_cleanupFxn)
                  20010474    00000004     --HOLE-- [fill = 0]
                  20010478    0000002c                  : BIOS.obj (.text:getTime$20)
                  200104a4    0000002c     release_pem4.oem4 (.text:ti_sysbios_knl_Clock_doTick__I)
                  200104d0    0000002c     release_pem4.oem4 (.text:ti_sysbios_knl_Queue_construct)
                  200104fc    00000028     driverlib.a : prcm.obj (.text:PRCMPeripheralClkDisable)
                  20010524    00000028     dpl_cc32xx.aem4 : PowerCC32XX_tirtos.oem4 (.text:PowerCC32XX_initPolicy)
                  2001054c    00000028     drivers_cc32xx.aem4 : PowerCC32XX.oem4 (.text:Power_registerNotify)
                  20010574    00000028     sysbios.aem4 : m3_Hwi_asm.obj (.text:ti_sysbios_family_arm_m3_Hwi_excHandlerAsm__I)
                  2001059c    00000004     --HOLE-- [fill = 0]
                  200105a0    00000028                  : BIOS.obj (.text:ti_sysbios_knl_Clock_addI__E)
                  200105c8    00000028                  : BIOS.obj (.text:ti_sysbios_knl_Swi_Module_startup__E)
                  200105f0    00000026     drivers_cc32xx.aem4 : List.oem4 (.text:List_put)
                  20010616    00000026                         : List.oem4 (.text:List_remove)
                  2001063c    00000004     --HOLE-- [fill = 0]
                  20010640    00000024     sysbios.aem4 : BIOS.obj (.text:pthread_attr_init)
                  20010664    00000024     release_pem4.oem4 (.text:ti_sysbios_BIOS_registerRTSLock__I)
                  20010688    00000024     release_pem4.oem4 (.text:ti_sysbios_BIOS_removeRTSLock__I)
                  200106ac    00000004     --HOLE-- [fill = 0]
                  200106b0    00000024     sysbios.aem4 : BIOS.obj (.text:ti_sysbios_family_arm_m3_Timer_postInit__I)
                  200106d4    00000004     --HOLE-- [fill = 0]
                  200106d8    00000024                  : BIOS.obj (.text:ti_sysbios_family_arm_m3_Timer_startup__E)
                  200106fc    00000024     release_pem4.oem4 (.text:ti_sysbios_gates_GateMutex_Object__delete__S)
                  20010720    00000024     sysbios.aem4 : BIOS.obj (.text:ti_sysbios_knl_Clock_Module_startup__E)
                  20010744    00000004     --HOLE-- [fill = 0]
                  20010748    00000024                  : BIOS.obj (.text:ti_sysbios_knl_Semaphore_Instance_init__E)
                  2001076c    00000024     release_pem4.oem4 (.text:ti_sysbios_knl_Semaphore_Object__delete__S)
                  20010790    00000024     sysbios.aem4 : BIOS.obj (.text:ti_sysbios_knl_Task_restoreHwi__E)
                  200107b4    00000004     --HOLE-- [fill = 0]
                  200107b8    00000024                  : BIOS.obj (.text:xdc_runtime_Error_policyMin__E)
                  200107dc    00000020     drivers_cc32xx.aem4 : PowerCC32XX.oem4 (.text:Power_unregisterNotify)
                  200107fc    00000020     release_pem4.oem4 (.text:ti_sysbios_BIOS_rtsLock__I)
                  2001081c    00000020     release_pem4.oem4 (.text:ti_sysbios_gates_GateHwi_Object__delete__S)
                  2001083c    00000020     release_pem4.oem4 (.text:ti_sysbios_heaps_HeapMem_Object__delete__S)
                  2001085c    00000004     --HOLE-- [fill = 0]
                  20010860    00000020     sysbios.aem4 : BIOS.obj (.text:ti_sysbios_knl_Idle_run__E)
                  20010880    00000020     release_pem4.oem4 (.text:ti_sysbios_knl_Semaphore_destruct)
                  200108a0    00000020     release_pem4.oem4 (.text:ti_sysbios_knl_Task_Object__delete__S)
                  200108c0    0000001e     sysbios.aem4 : m3_Hwi_asm_switch.obj (.text:ti_sysbios_family_xxx_Hwi_switchAndRunFunc)
                  200108de    00000002     --HOLE-- [fill = 0]
                  200108e0    0000001c     driverlib.a : pin.obj (.text:PinToPadGet)
                  200108fc    00000004     --HOLE-- [fill = 0]
                  20010900    0000001c     sysbios.aem4 : BIOS.obj (.text:ti_sysbios_family_arm_m3_Hwi_excHandler__I)
                  2001091c    00000004     --HOLE-- [fill = 0]
                  20010920    0000001c                  : BIOS.obj (.text:ti_sysbios_family_arm_m3_Timer_Module_startup__E)
                  2001093c    00000004     --HOLE-- [fill = 0]
                  20010940    0000001c                  : BIOS.obj (.text:ti_sysbios_family_arm_m3_Timer_stop__E)
                  2001095c    00000004     --HOLE-- [fill = 0]
                  20010960    0000001c                  : BIOS.obj (.text:ti_sysbios_gates_GateMutex_Instance_init__E)
                  2001097c    0000001c     release_pem4.oem4 (.text:ti_sysbios_knl_Queue_destruct)
                  20010998    0000001c     sysbios.aem4 : BIOS.obj (.text:ti_sysbios_knl_Queue_put__E)
                  200109b4    00000004     --HOLE-- [fill = 0]
                  200109b8    0000001c                  : BIOS.obj (.text:ti_sysbios_knl_Task_enter__I)
                  200109d4    00000004     --HOLE-- [fill = 0]
                  200109d8    0000001c                  : BIOS.obj (.text:ti_sysbios_rts_ti_ReentSupport_getReent__F)
                  200109f4    0000001a                  : m3_Hwi_asm.obj (.text:ti_sysbios_family_arm_m3_Hwi_pendSV__I)
                  20010a0e    00000002     --HOLE-- [fill = 0]
                  20010a10    00000018     drivers_cc32xx.aem4 : PowerCC32XX.oem4 (.text:Power_idleFunc)
                  20010a28    00000018     rtsv7M4_T_le_eabi.lib : args_main.c.obj (.text:_args_main)
                  20010a40    00000018                           : ll_mul_t2.asm.obj (.text)
                  20010a58    00000018     release_pem4.oem4 (.text:ti_sysbios_BIOS_rtsUnlock__I)
                  20010a70    00000018     release_pem4.oem4 (.text:ti_sysbios_family_arm_m3_Hwi_Module__startupDone__F)
                  20010a88    00000018     release_pem4.oem4 (.text:ti_sysbios_family_arm_m3_Timer_Module__startupDone__F)
                  20010aa0    00000018     release_pem4.oem4 (.text:ti_sysbios_gates_GateHwi_Handle__label__S)
                  20010ab8    00000018     release_pem4.oem4 (.text:ti_sysbios_gates_GateMutex_Handle__label__S)
                  20010ad0    00000018     sysbios.aem4 : BIOS.obj (.text:ti_sysbios_gates_GateMutex_leave__E)
                  20010ae8    00000018     release_pem4.oem4 (.text:ti_sysbios_heaps_HeapMem_Handle__label__S)
                  20010b00    00000018     sysbios.aem4 : BIOS.obj (.text:ti_sysbios_knl_Task_sleepTimeout__I)
                  20010b18    00000018     release_pem4.oem4 (.text:ti_sysbios_rts_ti_ReentSupport_getTlsAddr__I)
                  20010b30    00000018     release_pem4.oem4 (.text:time)
                  20010b48    00000018     sysbios.aem4 : BIOS.obj (.text:xdc_runtime_Error_init__E)
                  20010b60    00000018                  : BIOS.obj (.text:xdc_runtime_System_exit__E)
                  20010b78    00000016     driverlib.a : prcm.obj (.text:PRCMHIBRegRead)
                  20010b8e    00000016                 : prcm.obj (.text:PRCMHIBRegWrite)
                  20010ba4    00000016     release_pem4.oem4 (.text:ti_sysbios_BIOS_exitFunc__I)
                  20010bba    00000002     --HOLE-- [fill = 0]
                  20010bbc    00000014     drivers_cc32xx.aem4 : PWM.oem4 (.text:PWM_Params_init)
                  20010bd0    00000014                         : PowerCC32XX.oem4 (.text:Power_getDependencyCount)
                  20010be4    00000004     --HOLE-- [fill = 0]
                  20010be8    00000014     sysbios.aem4 : BIOS.obj (.text:pthread_attr_setschedparam)
                  20010bfc    00000014     release_pem4.oem4 (.text:ti_sysbios_family_arm_m3_Hwi_Object__get__S)
                  20010c10    00000014     sysbios.aem4 : BIOS.obj (.text:ti_sysbios_family_arm_m3_Hwi_switchFromBootStack__E)
                  20010c24    00000014                  : m3_TaskSupport_asm.obj (.text:ti_sysbios_family_arm_m3_TaskSupport_swap__E)
                  20010c38    00000014     release_pem4.oem4 (.text:ti_sysbios_heaps_HeapMem_Object__get__S)
                  20010c4c    00000004     --HOLE-- [fill = 0]
                  20010c50    00000014     sysbios.aem4 : BIOS.obj (.text:ti_sysbios_knl_Clock_tickReconfig__E)
                  20010c64    00000014     release_pem4.oem4 (.text:ti_sysbios_knl_Swi_Object__get__S)
                  20010c78    00000012     dpl_cc32xx.aem4 : SemaphoreP_tirtos.oem4 (.text:SemaphoreP_pend)
                  20010c8a    00000006     drivers_cc32xx.aem4 : PWMTimerCC32XX.oem4 (.text:PWMTimerCC32XX_control)
                  20010c90    00000012     sysbios.aem4 : BIOS.obj (.text:_pthread_runStub$41)
                  20010ca2    00000012     drivers_cc32xx.aem4 : PWMTimerCC32XX.oem4 (.text:postNotifyFxn)
                  20010cb4    00000004     --HOLE-- [fill = 0]
                  20010cb8    00000012     sysbios.aem4 : BIOS.obj (.text:ti_sysbios_hal_Hwi_Module_startup__E)
                  20010cca    00000012     release_pem4.oem4 (.text:xdc_runtime_Startup_exec__I)
                  20010cdc    00000010     dpl_cc32xx.aem4 : HwiP_tirtos.oem4 (.text:HwiP_Params_init)
                  20010cec    00000004     --HOLE-- [fill = 0]
                  20010cf0    00000010     sysbios.aem4 : BIOS.obj (.text:ti_sysbios_BIOS_getCpuFreq__E)
                  20010d00    00000010                  : BIOS.obj (.text:ti_sysbios_BIOS_setThreadType__E)
                  20010d10    00000010                  : BIOS.obj (.text:ti_sysbios_BIOS_start__E)
                  20010d20    00000010                  : m3_TaskSupport_asm.obj (.text:ti_sysbios_family_arm_m3_TaskSupport_glue)
                  20010d30    00000010                  : BIOS.obj (.text:ti_sysbios_gates_GateMutex_Instance_finalize__E)
                  20010d40    00000010     release_pem4.oem4 (.text:ti_sysbios_knl_Mailbox_Object__get__S)
                  20010d50    00000010     sysbios.aem4 : BIOS.obj (.text:ti_sysbios_knl_Semaphore_Instance_finalize__E)
                  20010d60    00000010                  : BIOS.obj (.text:ti_sysbios_knl_Swi_disable__E)
                  20010d70    00000010     release_pem4.oem4 (.text:ti_sysbios_knl_Task_Object__get__S)
                  20010d80    00000010     sysbios.aem4 : BIOS.obj (.text:ti_sysbios_knl_Task_disable__E)
                  20010d90    00000010                  : BIOS.obj (.text:xdc_runtime_Memory_free__E)
                  20010da0    00000010                  : BIOS.obj (.text:xdc_runtime_SysCallback_abort__E)
                  20010db0    00000010                  : BIOS.obj (.text:xdc_runtime_SysCallback_exit__E)
                  20010dc0    0000000e     rtsv7M4_T_le_eabi.lib : copy_decompress_none.c.obj (.text:decompress:none:__TI_decompress_none)
                  20010dce    00000002     --HOLE-- [fill = 0]
                  20010dd0    0000000e     sysbios.aem4 : BIOS.obj (.text:pthread_attr_setdetachstate)
                  20010dde    00000002     --HOLE-- [fill = 0]
                  20010de0    0000000e                  : BIOS.obj (.text:ti_sysbios_knl_Idle_loop__E)
                  20010dee    00000002     --HOLE-- [fill = 0]
                  20010df0    0000000e                  : BIOS.obj (.text:ti_sysbios_knl_Queue_empty__E)
                  20010dfe    0000000c     CC3220S_LAUNCHXL.obj (.text:CC3220S_LAUNCHXL_initGeneral)
                  20010e0a    00000002     --HOLE-- [fill = 0]
                  20010e0c    0000000c     drivers_cc32xx.aem4 : PowerCC32XX.oem4 (.text:Power_getConstraintMask)
                  20010e18    0000000c     dpl_cc32xx.aem4 : SemaphoreP_tirtos.oem4 (.text:SemaphoreP_delete)
                  20010e24    0000000c     rtsv7M4_T_le_eabi.lib : _lock.c.obj (.text:_register_lock)
                  20010e30    0000000c                           : _lock.c.obj (.text:_register_unlock)
                  20010e3c    0000000c                           : copy_zero_init.c.obj (.text:decompress:ZI:__TI_zero_init)
                  20010e48    0000000c     sysbios.aem4 : BIOS.obj (.text:ti_sysbios_family_arm_cc32xx_Seconds_get__E)
                  20010e54    0000000c     release_pem4.oem4 (.text:ti_sysbios_family_arm_m3_Hwi_Params__init__S)
                  20010e60    0000000c     sysbios.aem4 : BIOS.obj (.text:ti_sysbios_family_arm_m3_Hwi_disableFxn__E)
                  20010e6c    00000004     --HOLE-- [fill = 0]
                  20010e70    0000000c                  : BIOS.obj (.text:ti_sysbios_family_arm_m3_TaskSupport_getStackAlignment__E)
                  20010e7c    00000004     --HOLE-- [fill = 0]
                  20010e80    0000000c                  : BIOS.obj (.text:ti_sysbios_gates_GateHwi_enter__E)
                  20010e8c    00000004     --HOLE-- [fill = 0]
                  20010e90    0000000c                  : BIOS.obj (.text:ti_sysbios_knl_Clock_getTicks__E)
                  20010e9c    00000004     --HOLE-- [fill = 0]
                  20010ea0    0000000c                  : BIOS.obj (.text:ti_sysbios_knl_Clock_setTicks__E)
                  20010eac    00000004     --HOLE-- [fill = 0]
                  20010eb0    0000000c                  : BIOS.obj (.text:ti_sysbios_knl_Clock_tickStart__E)
                  20010ebc    00000004     --HOLE-- [fill = 0]
                  20010ec0    0000000c                  : BIOS.obj (.text:ti_sysbios_knl_Clock_tickStop__E)
                  20010ecc    0000000c     release_pem4.oem4 (.text:ti_sysbios_knl_Queue_Object__get__S)
                  20010ed8    0000000c     release_pem4.oem4 (.text:ti_sysbios_knl_Semaphore_Params__init__S)
                  20010ee4    0000000c     release_pem4.oem4 (.text:ti_sysbios_knl_Task_Params__init__S)
                  20010ef0    0000000c     sysbios.aem4 : BIOS.obj (.text:ti_sysbios_knl_Task_self__E)
                  20010efc    00000004     --HOLE-- [fill = 0]
                  20010f00    0000000c                  : BIOS.obj (.text:ti_sysbios_rts_ti_ReentSupport_taskRegHook__I)
                  20010f0c    00000004     --HOLE-- [fill = 0]
                  20010f10    0000000c                  : BIOS.obj (.text:xdc_runtime_Startup_rtsDone__E)
                  20010f1c    0000000a     drivers_cc32xx.aem4 : PWM.oem4 (.text:PWM_setDuty)
                  20010f26    0000000a                         : PWM.oem4 (.text:PWM_start)
                  20010f30    0000000a     release_pem4.oem4 (.text:xdc_runtime_IHeap_alloc)
                  20010f3a    0000000a     release_pem4.oem4 (.text:xdc_runtime_IHeap_free)
                  20010f44    00000008     CC3220S_LAUNCHXL.obj (.text:Board_init)
                  20010f4c    00000004     --HOLE-- [fill = 0]
                  20010f50    00000008     sysbios.aem4 : BIOS.obj (.text:pthread_attr_setstacksize)
                  20010f58    00000008                  : BIOS.obj (.text:ti_sysbios_family_arm_m3_Hwi_doSwiRestore__I)
                  20010f60    00000008                  : BIOS.obj (.text:ti_sysbios_family_arm_m3_Hwi_startup__E)
                  20010f68    00000006     driverlib.a : utils.obj (.text:UtilsDelay)
                  20010f6e    00000002     --HOLE-- [fill = 0]
                  20010f70    00000006     sysbios.aem4 : BIOS.obj (.text:ti_sysbios_family_arm_m3_Hwi_doTaskRestore__I)
                  20010f76    00000002     --HOLE-- [fill = 0]
                  20010f78    00000006                  : BIOS.obj (.text:ti_sysbios_family_arm_m3_Hwi_restoreFxn__E)
                  20010f7e    00000002     --HOLE-- [fill = 0]
                  20010f80    00000006                  : BIOS.obj (.text:ti_sysbios_gates_GateHwi_leave__E)
                  20010f86    00000002     --HOLE-- [fill = 0]
                  20010f88    00000006                  : BIOS.obj (.text:ti_sysbios_heaps_HeapMem_isBlocking__E)
                  20010f8e    00000002     --HOLE-- [fill = 0]
                  20010f90    00000006                  : BIOS.obj (.text:ti_sysbios_knl_Queue_Instance_init__E)
                  20010f96    00000002     --HOLE-- [fill = 0]
                  20010f98    00000006                  : BIOS.obj (.text:ti_sysbios_knl_Swi_startup__E)
                  20010f9e    00000002     --HOLE-- [fill = 0]
                  20010fa0    00000006                  : BIOS.obj (.text:xdc_runtime_System_Module_startup__E)
                  20010fa6    00000002     --HOLE-- [fill = 0]
                  20010fa8    00000004                  : BIOS.obj (.text:ti_sysbios_family_arm_m3_Timer_getMaxTicks__E)
                  20010fac    00000004     --HOLE-- [fill = 0]
                  20010fb0    00000004                  : BIOS.obj (.text:ti_sysbios_gates_GateHwi_query__E)
                  20010fb4    00000004     --HOLE-- [fill = 0]
                  20010fb8    00000004                  : BIOS.obj (.text:ti_sysbios_gates_GateMutex_query__E)
                  20010fbc    00000004     --HOLE-- [fill = 0]
                  20010fc0    00000004                  : BIOS.obj (.text:ti_sysbios_knl_Task_startup__E)
                  20010fc4    00000004     --HOLE-- [fill = 0]
                  20010fc8    00000002                  : BIOS.obj (.text:ti_sysbios_BIOS_linkedWithIncorrectBootLibrary__E)
                  20010fca    00000006     --HOLE-- [fill = 0]
                  20010fd0    00000002                  : BIOS.obj (.text:ti_sysbios_gates_GateHwi_Instance_init__E)
                  20010fd2    00000006     --HOLE-- [fill = 0]
                  20010fd8    00000002                  : BIOS.obj (.text:ti_sysbios_knl_Clock_logTick__E)
                  20010fda    00000006     --HOLE-- [fill = 0]
                  20010fe0    00000002                  : BIOS.obj (.text:xdc_runtime_SysCallback_defaultAbort)
                  20010fe2    00000006     --HOLE-- [fill = 0]
                  20010fe8    00000002                  : BIOS.obj (.text:xdc_runtime_SysCallback_defaultExit)
                  20010fea    00000006     --HOLE-- [fill = 0]
                  20010ff0    00000002                  : BIOS.obj (.text:xdc_runtime_System_abortSpin__E)
                  20010ff2    00000006     --HOLE-- [fill = 0]
                  20010ff8    00000002                  : BIOS.obj (.text:xdc_runtime_System_exitSpin__E)

.const     0    20010ffc    00000730     
                  20010ffc    00000100     driverlib.a : pin.obj (.const:g_ulPinToPadMap)
                  200110fc    000000a8                 : prcm.obj (.const:PRCM_PeriphRegsList)
                  200111a4    00000058     release_pem4.oem4 (.const:.string)
                  200111fc    00000044     release_pem4.oem4 (.const:ti_sysbios_knl_Task_Object__PARAMS__C)
                  20011240    00000040     CC3220S_LAUNCHXL.obj (.const:PowerCC32XX_config)
                  20011280    00000030     release_pem4.oem4 (.const:ti_sysbios_family_arm_m3_Hwi_Object__PARAMS__C)
                  200112b0    00000028     release_pem4.oem4 (.const:ti_sysbios_heaps_HeapMem_Module__FXNS__C)
                  200112d8    00000024     drivers_cc32xx.aem4 : PWMTimerCC32XX.oem4 (.const:PWMTimerCC32XX_fxnTable)
                  200112fc    00000024     CC3220S_LAUNCHXL.obj (.const:PWM_config)
                  20011320    00000024     release_pem4.oem4 (.const:ti_sysbios_gates_GateHwi_Module__FXNS__C)
                  20011344    00000024     release_pem4.oem4 (.const:ti_sysbios_gates_GateMutex_Module__FXNS__C)
                  20011368    00000024     release_pem4.oem4 (.const:ti_sysbios_heaps_HeapMem_Object__PARAMS__C)
                  2001138c    00000024     release_pem4.oem4 (.const:ti_sysbios_knl_Semaphore_Object__PARAMS__C)
                  200113b0    00000021     drivers_cc32xx.aem4 : GPIOCC32XX.oem4 (.const:.string:pinTable)
                  200113d1    00000001     release_pem4.oem4 (.const:ti_sysbios_knl_Clock_tickMode__C)
                  200113d2    00000002     release_pem4.oem4 (.const:ti_sysbios_family_arm_m3_Hwi_Module__id__C)
                  200113d4    00000020     drivers_cc32xx.aem4 : PWMTimerCC32XX.oem4 (.const:gpioPinIndexes)
                  200113f4    00000020     release_pem4.oem4 (.const:ti_sysbios_family_arm_m3_Hwi_Object__DESC__C)
                  20011414    00000020     release_pem4.oem4 (.const:ti_sysbios_gates_GateHwi_Object__DESC__C)
                  20011434    00000020     release_pem4.oem4 (.const:ti_sysbios_gates_GateMutex_Object__DESC__C)
                  20011454    00000020     release_pem4.oem4 (.const:ti_sysbios_heaps_HeapMem_Object__DESC__C)
                  20011474    00000020     release_pem4.oem4 (.const:ti_sysbios_knl_Queue_Object__DESC__C)
                  20011494    00000020     release_pem4.oem4 (.const:ti_sysbios_knl_Semaphore_Object__DESC__C)
                  200114b4    00000020     release_pem4.oem4 (.const:ti_sysbios_knl_Task_Object__DESC__C)
                  200114d4    00000020     release_pem4.oem4 (.const:xdc_runtime_Startup_sfxnTab__A)
                  200114f4    00000018     drivers_cc32xx.aem4 : PWM.oem4 (.const:PWM_defaultParams)
                  2001150c    00000018     release_pem4.oem4 (.const:ti_sysbios_gates_GateHwi_Object__PARAMS__C)
                  20011524    00000018     release_pem4.oem4 (.const:ti_sysbios_gates_GateMutex_Object__PARAMS__C)
                  2001153c    00000018     release_pem4.oem4 (.const:ti_sysbios_knl_Queue_Object__PARAMS__C)
                  20011554    00000018     release_pem4.oem4 (.const:ti_sysbios_knl_Task_hooks__A)
                  2001156c    00000014     CC3220S_LAUNCHXL.obj (.const:GPIOCC32XX_config)
                  20011580    00000014     drivers_cc32xx.aem4 : GPIOCC32XX.oem4 (.const:gpioBaseAddresses)
                  20011594    00000014                         : GPIOCC32XX.oem4 (.const:powerResources)
                  200115a8    00000010                         : PWMTimerCC32XX.oem4 (.const:gpioBaseAddresses)
                  200115b8    00000010                         : PWMTimerCC32XX.oem4 (.const:timerBaseAddresses)
                  200115c8    00000010     release_pem4.oem4 (.const:xdc_runtime_Startup_sfxnRts__A)
                  200115d8    0000000d     CC3220S_LAUNCHXL.obj (.const)
                  200115e5    00000001     release_pem4.oem4 (.const:ti_sysbios_knl_Clock_tickSource__C)
                  200115e6    00000002     release_pem4.oem4 (.const:ti_sysbios_family_arm_m3_Timer_Module__id__C)
                  200115e8    0000000c     CC3220S_LAUNCHXL.obj (.const:pwmTimerCC3220SHWAttrs)
                  200115f4    0000000c     release_pem4.oem4 (.const:xdc_runtime_Startup_firstFxns__A)
                  20011600    00000008     drivers_cc32xx.aem4 : GPIOCC32XX.oem4 (.const:outPinTypes)
                  20011608    00000008     release_pem4.oem4 (.const:ti_sysbios_knl_Idle_funcList__A)
                  20011610    00000008     release_pem4.oem4 (.const:ti_sysbios_knl_Idle_funcList__C)
                  20011618    00000008     release_pem4.oem4 (.const:ti_sysbios_knl_Task_hooks__C)
                  20011620    00000008     drivers_cc32xx.aem4 : PWMTimerCC32XX.oem4 (.const:timerHalves)
                  20011628    00000008     release_pem4.oem4 (.const:xdc_runtime_Startup_firstFxns__C)
                  20011630    00000008     release_pem4.oem4 (.const:xdc_runtime_Startup_lastFxns__C)
                  20011638    00000006     drivers_cc32xx.aem4 : GPIOCC32XX.oem4 (.const:.string:interruptType)
                  2001163e    00000006                         : GPIOCC32XX.oem4 (.const:inPinTypes)
                  20011644    00000006                         : GPIOCC32XX.oem4 (.const:outPinStrengths)
                  2001164a    00000004                         : GPIOCC32XX.oem4 (.const:.string:portInterruptIds)
                  2001164e    00000002     release_pem4.oem4 (.const:ti_sysbios_heaps_HeapMem_Module__id__C)
                  20011650    00000004     release_pem4.oem4 (.const:ti_sysbios_family_arm_m3_Hwi_E_alreadyDefined__C)
                  20011654    00000004     release_pem4.oem4 (.const:ti_sysbios_family_arm_m3_Hwi_NUM_INTERRUPTS__C)
                  20011658    00000004     release_pem4.oem4 (.const:ti_sysbios_family_arm_m3_Hwi_Object__count__C)
                  2001165c    00000004     release_pem4.oem4 (.const:ti_sysbios_family_arm_m3_Hwi_ccr__C)
                  20011660    00000004     release_pem4.oem4 (.const:ti_sysbios_family_arm_m3_Hwi_excHandlerFunc__C)
                  20011664    00000004     release_pem4.oem4 (.const:ti_sysbios_family_arm_m3_Hwi_nullIsrFunc__C)
                  20011668    00000004     release_pem4.oem4 (.const:ti_sysbios_family_arm_m3_Hwi_priGroup__C)
                  2001166c    00000004     release_pem4.oem4 (.const:ti_sysbios_family_arm_m3_Hwi_swiDisable__C)
                  20011670    00000004     release_pem4.oem4 (.const:ti_sysbios_family_arm_m3_Hwi_swiRestore__C)
                  20011674    00000004     release_pem4.oem4 (.const:ti_sysbios_family_arm_m3_TaskSupport_stackAlignment__C)
                  20011678    00000004     release_pem4.oem4 (.const:ti_sysbios_family_arm_m3_Timer_E_cannotSupport__C)
                  2001167c    00000004     release_pem4.oem4 (.const:ti_sysbios_family_arm_m3_Timer_startupNeeded__C)
                  20011680    00000004     release_pem4.oem4 (.const:ti_sysbios_gates_GateMutex_Instance_State_sem__O)
                  20011684    00000004     release_pem4.oem4 (.const:ti_sysbios_heaps_HeapMem_E_memory__C)
                  20011688    00000004     release_pem4.oem4 (.const:ti_sysbios_heaps_HeapMem_Module__gateObj__C)
                  2001168c    00000004     release_pem4.oem4 (.const:ti_sysbios_heaps_HeapMem_Object__count__C)
                  20011690    00000004     release_pem4.oem4 (.const:ti_sysbios_heaps_HeapMem_primaryHeapBaseAddr__C)
                  20011694    00000004     release_pem4.oem4 (.const:ti_sysbios_heaps_HeapMem_primaryHeapEndAddr__C)
                  20011698    00000004     release_pem4.oem4 (.const:ti_sysbios_heaps_HeapMem_reqAlign__C)
                  2001169c    00000004     release_pem4.oem4 (.const:ti_sysbios_knl_Clock_Module_State_clockQ__O)
                  200116a0    00000004     release_pem4.oem4 (.const:ti_sysbios_knl_Clock_tickPeriod__C)
                  200116a4    00000004     release_pem4.oem4 (.const:ti_sysbios_knl_Mailbox_Instance_State_freeQue__O)
                  200116a8    00000004     release_pem4.oem4 (.const:ti_sysbios_knl_Mailbox_Object__count__C)
                  200116ac    00000004     release_pem4.oem4 (.const:ti_sysbios_knl_Mailbox_maxTypeAlign__C)
                  200116b0    00000004     release_pem4.oem4 (.const:ti_sysbios_knl_Semaphore_Instance_State_pendQ__O)
                  200116b4    00000004     release_pem4.oem4 (.const:ti_sysbios_knl_Swi_Object__count__C)
                  200116b8    00000004     release_pem4.oem4 (.const:ti_sysbios_knl_Task_Module_State_inactiveQ__O)
                  200116bc    00000004     release_pem4.oem4 (.const:ti_sysbios_knl_Task_Object__count__C)
                  200116c0    00000004     release_pem4.oem4 (.const:ti_sysbios_knl_Task_Object__heap__C)
                  200116c4    00000004     release_pem4.oem4 (.const:ti_sysbios_knl_Task_allBlockedFunc__C)
                  200116c8    00000004     release_pem4.oem4 (.const:ti_sysbios_knl_Task_defaultStackHeap__C)
                  200116cc    00000004     release_pem4.oem4 (.const:ti_sysbios_knl_Task_defaultStackSize__C)
                  200116d0    00000004     release_pem4.oem4 (.const:ti_sysbios_knl_Task_numConstructedTasks__C)
                  200116d4    00000004     release_pem4.oem4 (.const:xdc_runtime_Error_E_memory__C)
                  200116d8    00000004     release_pem4.oem4 (.const:xdc_runtime_Error_policyFxn__C)
                  200116dc    00000004     release_pem4.oem4 (.const:xdc_runtime_IGateProvider_Interface__BASE__C)
                  200116e0    00000004     release_pem4.oem4 (.const:xdc_runtime_IHeap_Interface__BASE__C)
                  200116e4    00000004     release_pem4.oem4 (.const:xdc_runtime_IModule_Interface__BASE__C)
                  200116e8    00000004     release_pem4.oem4 (.const:xdc_runtime_Memory_defaultHeapInstance__C)
                  200116ec    00000004     release_pem4.oem4 (.const:xdc_runtime_Startup_execImpl__C)
                  200116f0    00000004     release_pem4.oem4 (.const:xdc_runtime_Startup_maxPasses__C)
                  200116f4    00000004     release_pem4.oem4 (.const:xdc_runtime_Startup_sfxnRts__C)
                  200116f8    00000004     release_pem4.oem4 (.const:xdc_runtime_Startup_sfxnTab__C)
                  200116fc    00000004     release_pem4.oem4 (.const:xdc_runtime_SysCallback_abortFxn__C)
                  20011700    00000004     release_pem4.oem4 (.const:xdc_runtime_SysCallback_exitFxn__C)
                  20011704    00000004     release_pem4.oem4 (.const:xdc_runtime_System_Module__gateObj__C)
                  20011708    00000004     release_pem4.oem4 (.const:xdc_runtime_System_abortFxn__C)
                  2001170c    00000004     release_pem4.oem4 (.const:xdc_runtime_System_exitFxn__C)
                  20011710    00000004     release_pem4.oem4 (.const:xdc_runtime_System_maxAtexitHandlers__C)
                  20011714    00000004     release_pem4.oem4 (.const:xdc_runtime_Text_charTab__C)
                  20011718    00000004     release_pem4.oem4 (.const:xdc_runtime_Text_nameEmpty__C)
                  2001171c    00000004     release_pem4.oem4 (.const:xdc_runtime_Text_nameStatic__C)
                  20011720    00000004     release_pem4.oem4 (.const:xdc_runtime_Text_nameUnknown__C)
                  20011724    00000002     release_pem4.oem4 (.const:xdc_runtime_Memory_Module__id__C)
                  20011726    00000002     release_pem4.oem4 (.const:xdc_runtime_Text_charCnt__C)
                  20011728    00000002     release_pem4.oem4 (.const:xdc_runtime_Text_isLoaded__C)
                  2001172a    00000001     release_pem4.oem4 (.const:xdc_runtime_Error_policy__C)
                  2001172b    00000001     release_pem4.oem4 (.const:xdc_runtime_Text_charTab__A)

.bss       0    20011e40    000006e4     UNINITIALIZED
                  20011e40    0000030c     (.common:ti_sysbios_family_arm_m3_Hwi_dispatchTable)
                  2001214c    00000004     drivers_cc32xx.aem4 : GPIOCC32XX.oem4 (.bss)
                  20012150    00000200     release_pem4.oem4 (.bss:taskStackSection)
                  20012350    0000012c     (.common:PowerCC32XX_contextSave)
                  2001247c    0000006c     (.common:pwmTimerCC3220SObjects)
                  200124e8    00000020     drivers_cc32xx.aem4 : GPIOCC32XX.oem4 (.bss:gpioCallbackInfo)
                  20012508    00000014                         : GPIOCC32XX.oem4 (.bss:powerNotifyObj)
                  2001251c    00000004                         : TimerCC32XX.oem4 (.bss:timerState)
                  20012520    00000004     (.common:ti_sysbios_knl_Task_Instance_State_0_hookEnv__A)

.data      0    2001172c    00000714     UNINITIALIZED
                  2001172c    0000016c     drivers_cc32xx.aem4 : PowerCC32XX.oem4 (.data:PowerCC32XX_module)
                  20011898    000000f8     CC3220S_LAUNCHXL.obj (.data:parkInfo)
                  20011990    00000088     sysbios.aem4 : BIOS.obj (.data:$O1$$)
                  20011a18    00000080     release_pem4.oem4 (.data:ti_sysbios_knl_Swi_Module_State_0_readyQ__A)
                  20011a98    00000080     release_pem4.oem4 (.data:ti_sysbios_knl_Task_Module_State_0_readyQ__A)
                  20011b18    0000005c     release_pem4.oem4 (.data:ti_sysbios_knl_Task_Object__table__V)
                  20011b74    00000054     release_pem4.oem4 (.data:ti_sysbios_gates_GateMutex_Object__table__V)
                  20011bc8    00000048     release_pem4.oem4 (.data:ti_sysbios_knl_Task_Module__state__V)
                  20011c10    00000034     release_pem4.oem4 (.data:ti_sysbios_family_arm_m3_Hwi_Module__state__V)
                  20011c44    00000030     release_pem4.oem4 (.data:ti_sysbios_family_arm_m3_Timer_Object__table__V)
                  20011c74    00000030     release_pem4.oem4 (.data:ti_sysbios_knl_Swi_Object__table__V)
                  20011ca4    0000002c     release_pem4.oem4 (.data:ti_sysbios_knl_Clock_Module__state__V)
                  20011cd0    00000024     CC3220S_LAUNCHXL.obj (.data:gpioPinConfigs)
                  20011cf4    00000024     release_pem4.oem4 (.data:ti_sysbios_BIOS_Module__state__V)
                  20011d18    00000020     release_pem4.oem4 (.data:xdc_runtime_Error_IgnoreBlock)
                  20011d38    0000001c     release_pem4.oem4 (.data:ti_sysbios_knl_Swi_Module__state__V)
                  20011d54    00000018     release_pem4.oem4 (.data:ti_sysbios_family_arm_m3_Hwi_Object__table__V)
                  20011d6c    00000018     release_pem4.oem4 (.data:ti_sysbios_heaps_HeapMem_Object__table__V)
                  20011d84    00000010     CC3220S_LAUNCHXL.obj (.data:gpioCallbackFunctions)
                  20011d94    00000010     pwmled2.obj (.data)
                  20011da4    00000010     release_pem4.oem4 (.data:ti_sysbios_family_arm_cc32xx_Seconds_Module__state__V)
                  20011db4    0000000c     release_pem4.oem4 (.data:ti_sysbios_family_arm_m3_Timer_Module__state__V)
                  20011dc0    00000009     drivers_cc32xx.aem4 : GPIOCC32XX.oem4 (.data)
                  20011dc9    00000001                         : PWM.oem4 (.data)
                  20011dca    00000002     release_pem4.oem4 (.data:ti_sysbios_family_arm_m3_Hwi_Module_State_0_excActive__A)
                  20011dcc    00000008     rtsv7M4_T_le_eabi.lib : _lock.c.obj (.data:$O1$$)
                  20011dd4    00000008     release_pem4.oem4 (.data:ti_sysbios_family_arm_m3_Hwi_Module__root__V)
                  20011ddc    00000008     release_pem4.oem4 (.data:ti_sysbios_gates_GateHwi_Module__root__V)
                  20011de4    00000008     release_pem4.oem4 (.data:ti_sysbios_gates_GateMutex_Module__root__V)
                  20011dec    00000008     release_pem4.oem4 (.data:ti_sysbios_heaps_HeapMem_Module__root__V)
                  20011df4    00000008     release_pem4.oem4 (.data:ti_sysbios_knl_Queue_Module__root__V)
                  20011dfc    00000008     release_pem4.oem4 (.data:ti_sysbios_knl_Semaphore_Module__root__V)
                  20011e04    00000008     release_pem4.oem4 (.data:ti_sysbios_knl_Task_Module__root__V)
                  20011e0c    00000008     release_pem4.oem4 (.data:xdc_runtime_Startup_Module__state__V)
                  20011e14    00000008     release_pem4.oem4 (.data:xdc_runtime_System_Module_State_0_atexitHandlers__A)
                  20011e1c    00000008     release_pem4.oem4 (.data:xdc_runtime_System_Module__state__V)
                  20011e24    00000004     rtsv7M4_T_le_eabi.lib : stkdepth_vars.c.obj (.data)
                  20011e28    00000004     release_pem4.oem4 (.data:ti_sysbios_family_arm_m3_Hwi_Module_State_0_excContext__A)
                  20011e2c    00000004     release_pem4.oem4 (.data:ti_sysbios_family_arm_m3_Hwi_Module_State_0_excStack__A)
                  20011e30    00000004     release_pem4.oem4 (.data:ti_sysbios_gates_GateHwi_Object__table__V)
                  20011e34    00000004     release_pem4.oem4 (.data:ti_sysbios_knl_Task_Module_State_0_idleTask__A)
                  20011e38    00000004     release_pem4.oem4 (.data:ti_sysbios_rts_ti_ReentSupport_Module__state__V)
                  20011e3c    00000004     release_pem4.oem4 (.data:xdc_runtime_Memory_Module__state__V)

.cinit     0    20012528    00000278     
                  20012528    0000024d     (.cinit..data.load) [load image, compression = lzss]
                  20012775    00000003     --HOLE-- [fill = 0]
                  20012778    0000000c     (__TI_handler_table)
                  20012784    00000004     --HOLE-- [fill = 0]
                  20012788    00000008     (.cinit..bss.load) [load image, compression = zero_init]
                  20012790    00000010     (__TI_cinit_table)

.init_array 
*          0    20004000    00000000     UNINITIALIZED

.priheap   0    20004040    00008000     UNINITIALIZED
                  20004040    00008000     --HOLE--

.bootVecs 
*          0    00000000    00000008     DSECT
                  00000000    00000008     boot.aem4 : boot.oem4 (.bootVecs)

.resetVecs 
*          0    20004000    0000003c     
                  20004000    0000003c     release_pem4.oem4 (.resetVecs)

xdc.meta   0    00000000    00000120     COPY SECTION
                  00000000    00000120     release_pem4.oem4 (xdc.meta)

xdc.noload 
*          0    00000000    00000000     COPY SECTION

MODULE SUMMARY

       Module                       code    ro data   rw data
       ------                       ----    -------   -------
    .\
       pwmled2.obj                  640     0         16     
       CC3220S_LAUNCHXL.obj         20      145       408    
       main_tirtos.obj              100     0         0      
    +--+----------------------------+-------+---------+---------+
       Total:                       760     145       424    
                                                             
    C:\Users\diego\Documents\UNI\MICRO_2\Lab\PWM_WORKSPACE\tirtos_builds_CC3220S_LAUNCHXL_release_ccs\Debug\configPkg\package\cfg\
       release_pem4.oem4            1372    1096      3050   
    +--+----------------------------+-------+---------+---------+
       Total:                       1372    1096      3050   
                                                             
    C:/ti/simplelink_cc32xx_sdk_3_20_00_06/kernel/tirtos/packages/ti/dpl/lib/dpl_cc32xx.aem4
       PowerCC32XX_tirtos.oem4      430     0         0      
       HwiP_tirtos.oem4             84      0         0      
       SemaphoreP_tirtos.oem4       78      0         0      
       ClockP_tirtos.oem4           4       0         0      
    +--+----------------------------+-------+---------+---------+
       Total:                       596     0         0      
                                                             
    C:/ti/simplelink_cc32xx_sdk_3_20_00_06/source/ti/devices/cc32xx/driverlib/ccs/Release/driverlib.a
       prcm.obj                     1604    168       0      
       pin.obj                      280     256       0      
       flash.obj                    72      0         0      
       utils.obj                    6       0         0      
    +--+----------------------------+-------+---------+---------+
       Total:                       1962    424       0      
                                                             
    C:/ti/simplelink_cc32xx_sdk_3_20_00_06/source/ti/drivers/lib/drivers_cc32xx.aem4
       PowerCC32XX.oem4             2212    0         664    
       PWMTimerCC32XX.oem4          1732    108       0      
       GPIOCC32XX.oem4              1108    103       65     
       PWM.oem4                     172     24        1      
       TimerCC32XX.oem4             184     0         4      
       PowerCC32XX_asm.oem4         150     0         0      
       List.oem4                    76      0         0      
    +--+----------------------------+-------+---------+---------+
       Total:                       5634    235       734    
                                                             
    C:\Users\diego\Documents\UNI\MICRO_2\Lab\PWM_WORKSPACE\tirtos_builds_CC3220S_LAUNCHXL_release_ccs\src\sysbios\sysbios.aem4
       BIOS.obj                     8458    0         136    
       m3_Hwi_asm.obj               274     0         0      
       m3_Hwi_asm_switch.obj        102     0         0      
       m3_TaskSupport_asm.obj       36      0         0      
    +--+----------------------------+-------+---------+---------+
       Total:                       8870    0         136    
                                                             
    C:\ti\ccs910\ccs\tools\compiler\ti-cgt-arm_18.12.2.LTS\lib\rtsv7M4_T_le_eabi.lib
       memcpy_t2.asm.obj            156     0         0      
       ull_div_t2.asm.obj           150     0         0      
       memset_t2.asm.obj            122     0         0      
       copy_decompress_lzss.c.obj   104     0         0      
       cpy_tbl.c.obj                76      0         0      
       _lock.c.obj                  26      0         8      
       args_main.c.obj              24      0         0      
       ll_mul_t2.asm.obj            24      0         0      
       copy_decompress_none.c.obj   14      0         0      
       copy_zero_init.c.obj         12      0         0      
       stkdepth_vars.c.obj          0       0         4      
       div0.asm.obj                 2       0         0      
    +--+----------------------------+-------+---------+---------+
       Total:                       710     0         12     
                                                             
    C:\ti\simplelink_cc32xx_sdk_3_20_00_06\kernel\tirtos\packages\ti\targets\arm\rtsarm\lib\auto_init.aem4
       auto_init.oem4               160     0         0      
    +--+----------------------------+-------+---------+---------+
       Total:                       160     0         0      
                                                             
    C:\ti\simplelink_cc32xx_sdk_3_20_00_06\kernel\tirtos\packages\ti\targets\arm\rtsarm\lib\boot.aem4
       boot.oem4                    68      0         0      
    +--+----------------------------+-------+---------+---------+
       Total:                       68      0         0      
                                                             
       Stack:                       0       0         1024   
       Linker Generated:            0       625       0      
    +--+----------------------------+-------+---------+---------+
       Grand Total:                 20132   2525      5380   


LINKER GENERATED COPY TABLES

__TI_cinit_table @ 20012790 records: 2, size/record: 8, table size: 16
	.data: load addr=20012528, load size=0000024d bytes, run addr=2001172c, run size=00000714 bytes, compression=lzss
	.bss: load addr=20012788, load size=00000008 bytes, run addr=20011e40, run size=000006e4 bytes, compression=zero_init


LINKER GENERATED HANDLER TABLE

__TI_handler_table @ 20012778 records: 3, size/record: 4, table size: 12
	index: 0, handler: __TI_zero_init
	index: 1, handler: __TI_decompress_lzss
	index: 2, handler: __TI_decompress_none


GLOBAL SYMBOLS: SORTED ALPHABETICALLY BY Name 

address   name                                                            
-------   ----                                                            
200115d8  ADC_count                                                       
20010f45  Board_init                                                      
20010dff  CC3220S_LAUNCHXL_initGeneral                                    
200115d9  Capture_count                                                   
2000cbbd  ClockP_getCpuFreq                                               
20010e91  ClockP_getSystemTicks                                           
200115da  CryptoCC32XX_count                                              
200115db  Display_count                                                   
2000f7bd  FlashDisable                                                    
2001156c  GPIOCC32XX_config                                               
2000f4b9  GPIO_enableInt                                                  
2000e9dd  GPIO_hwiIntFxn                                                  
2000d6a9  GPIO_init                                                       
2000ef39  GPIO_setCallback                                                
2000c46d  GPIO_setConfig                                                  
00008000  HEAPSIZE                                                        
20010cdd  HwiP_Params_init                                                
2000fcbd  HwiP_create                                                     
2000ce0d  HwiP_disable                                                    
20010f79  HwiP_restore                                                    
200115dc  I2C_count                                                       
200115dd  I2S_count                                                       
200105f1  List_put                                                        
20010617  List_remove                                                     
2000c041  PRCMCC3200MCUInit                                               
20010b79  PRCMHIBRegRead                                                  
20010b8f  PRCMHIBRegWrite                                                 
2000f805  PRCMLPDSEnter                                                   
2000fff1  PRCMLPDSEnterKeepDebugIf                                        
2000fa91  PRCMLPDSRestoreInfoSet                                          
200104fd  PRCMPeripheralClkDisable                                        
2000f84d  PRCMPeripheralClkEnable                                         
2000f115  PRCMPeripheralReset                                             
2000ee15  PRCMSysResetCauseGet                                            
2000e39d  PWMTimerCC32XX_close                                            
20010c8b  PWMTimerCC32XX_control                                          
200112d8  PWMTimerCC32XX_fxnTable                                         
2000e157  PWMTimerCC32XX_init                                             
2000d245  PWMTimerCC32XX_open                                             
2000da75  PWMTimerCC32XX_setDuty                                          
2000ca7d  PWMTimerCC32XX_setDutyAndPeriod                                 
2000def9  PWMTimerCC32XX_setPeriod                                        
2000ebad  PWMTimerCC32XX_start                                            
2000d76d  PWMTimerCC32XX_stop                                             
20010bbd  PWM_Params_init                                                 
200112fc  PWM_config                                                      
200115de  PWM_count                                                       
200114f4  PWM_defaultParams                                               
2000fad5  PWM_init                                                        
2000fcfd  PWM_open                                                        
20010f1d  PWM_setDuty                                                     
20010f27  PWM_start                                                       
2000e425  PinConfigSet                                                    
20010099  PinModeGet                                                      
2000fd3d  PinModeSet                                                      
200108e1  PinToPadGet                                                     
20011240  PowerCC32XX_config                                              
2000db2d  PowerCC32XX_configureWakeup                                     
20012350  PowerCC32XX_contextSave                                         
2000fb19  PowerCC32XX_enterLPDS                                           
20010525  PowerCC32XX_initPolicy                                          
2001172c  PowerCC32XX_module                                              
2000f505  PowerCC32XX_parkPin                                             
20010203  PowerCC32XX_restoreParkedPin                                    
2000f375  PowerCC32XX_resumeLPDS                                          
2000ece9  PowerCC32XX_setParkState                                        
2000c7e9  PowerCC32XX_sleepPolicy                                         
20010e0d  Power_getConstraintMask                                         
20010bd1  Power_getDependencyCount                                        
20010a11  Power_idleFunc                                                  
2000e649  Power_init                                                      
2001054d  Power_registerNotify                                            
2000f895  Power_releaseConstraint                                         
2000f16d  Power_releaseDependency                                         
2000fdc1  Power_setConstraint                                             
2000e85d  Power_setDependency                                             
2000ccf1  Power_sleep                                                     
200107dd  Power_unregisterNotify                                          
200115df  SDFatFS_count                                                   
200115e0  SD_count                                                        
UNDEFED   SHT$$INIT_ARRAY$$Base                                           
UNDEFED   SHT$$INIT_ARRAY$$Limit                                          
200115e1  SPI_count                                                       
20010419  SemaphoreP_createBinary                                         
20010e19  SemaphoreP_delete                                               
20010c79  SemaphoreP_pend                                                 
2000cf2d  SemaphoreP_post                                                 
2000f3c9  TimerCC32XX_allocateTimerResource                               
200100cd  TimerCC32XX_freeTimerResource                                   
200115e2  Timer_count                                                     
200115e3  UART_count                                                      
20010f69  UtilsDelay                                                      
200115e4  Watchdog_count                                                  
00000000  __ASM__                                                         
00000099  __ISA__                                                         
000000ac  __PLAT__                                                        
20004000  __STACK_END                                                     
00000400  __STACK_SIZE                                                    
000000d3  __TARG__                                                        
20012790  __TI_CINIT_Base                                                 
200127a0  __TI_CINIT_Limit                                                
20012778  __TI_Handler_Table_Base                                         
20012784  __TI_Handler_Table_Limit                                        
2000dd1d  __TI_auto_init                                                  
2000ec15  __TI_decompress_lzss                                            
20010dc1  __TI_decompress_none                                            
ffffffff  __TI_pprof_out_hndl                                             
ffffffff  __TI_prof_data_size                                             
ffffffff  __TI_prof_data_start                                            
20012528  __TI_static_base__                                              
20010e3d  __TI_zero_init                                                  
000000f8  __TRDR__                                                        
2000e9db  __aeabi_idiv0                                                   
2000e9db  __aeabi_ldiv0                                                   
20010a41  __aeabi_lmul                                                    
2000e961  __aeabi_memclr                                                  
2000e961  __aeabi_memclr4                                                 
2000e961  __aeabi_memclr8                                                 
2000de5d  __aeabi_memcpy                                                  
2000de5d  __aeabi_memcpy4                                                 
2000de5d  __aeabi_memcpy8                                                 
2000e963  __aeabi_memset                                                  
2000e963  __aeabi_memset4                                                 
2000e963  __aeabi_memset8                                                 
2000e0c1  __aeabi_uldivmod                                                
ffffffff  __binit__                                                       
ffffffff  __c_args__                                                      
2000c040  __primary_heap_end__                                            
20004040  __primary_heap_start__                                          
20003c00  __stack                                                         
20010a29  _args_main                                                      
2000fb5d  _c_int00                                                        
20011dcc  _lock                                                           
2000e647  _nop                                                            
20010449  _pthread_cleanupFxn                                             
2000ddc1  _pthread_removeThreadKeys                                       
20010e25  _register_lock                                                  
20010e31  _register_unlock                                                
20011dd0  _unlock                                                         
ffffffff  binit                                                           
20011d98  blueDuty                                                        
20011d94  color                                                           
2000f551  copy_in                                                         
20011da0  flag                                                            
2000c645  gpioButtonFxn1                                                  
20011d84  gpioCallbackFunctions                                           
20011cd0  gpioPinConfigs                                                  
20011d9c  greenDuty                                                       
2001163e  inPinTypes                                                      
2000ed4d  main                                                            
2000d429  mainThread                                                      
20011e24  main_func_sp                                                    
2000de5d  memcpy                                                          
2000e969  memset                                                          
20011644  outPinStrengths                                                 
20011600  outPinTypes                                                     
20011898  parkInfo                                                        
20010641  pthread_attr_init                                               
20010dd1  pthread_attr_setdetachstate                                     
20010be9  pthread_attr_setschedparam                                      
20010f51  pthread_attr_setstacksize                                       
2000d339  pthread_create                                                  
2000ec81  pthread_exit                                                    
200115e8  pwmTimerCC3220SHWAttrs                                          
2001247c  pwmTimerCC3220SObjects                                          
20011d9a  redDuty                                                         
20011cf4  ti_sysbios_BIOS_Module__state__V                                
20010ab9  ti_sysbios_BIOS_RtsGateProxy_Handle__label__S                   
2000d145  ti_sysbios_BIOS_RtsGateProxy_enter__E                           
2000d335  ti_sysbios_BIOS_RtsGateProxy_leave__E                           
20010fb9  ti_sysbios_BIOS_RtsGateProxy_query__E                           
20010235  ti_sysbios_BIOS_atExitFunc__I                                   
20010ba5  ti_sysbios_BIOS_exitFunc__I                                     
20010cf1  ti_sysbios_BIOS_getCpuFreq__E                                   
20010fc9  ti_sysbios_BIOS_linkedWithIncorrectBootLibrary__E               
2000ef95  ti_sysbios_BIOS_nullFunc__I                                     
20010665  ti_sysbios_BIOS_registerRTSLock__I                              
20010689  ti_sysbios_BIOS_removeRTSLock__I                                
200107fd  ti_sysbios_BIOS_rtsLock__I                                      
20010a59  ti_sysbios_BIOS_rtsUnlock__I                                    
20010d01  ti_sysbios_BIOS_setThreadType__E                                
20010265  ti_sysbios_BIOS_startFunc__I                                    
20010d11  ti_sysbios_BIOS_start__E                                        
20011da4  ti_sysbios_family_arm_cc32xx_Seconds_Module__state__V           
2000f1c9  ti_sysbios_family_arm_cc32xx_Seconds_getCount__I                
2000f221  ti_sysbios_family_arm_cc32xx_Seconds_getTime__E                 
20010e49  ti_sysbios_family_arm_cc32xx_Seconds_get__E                     
20011650  ti_sysbios_family_arm_m3_Hwi_E_alreadyDefined__C                
2000fe01  ti_sysbios_family_arm_m3_Hwi_Instance_finalize__E               
2000e029  ti_sysbios_family_arm_m3_Hwi_Instance_init__E                   
20011dca  ti_sysbios_family_arm_m3_Hwi_Module_State_0_excActive__A        
20011e28  ti_sysbios_family_arm_m3_Hwi_Module_State_0_excContext__A       
20011e2c  ti_sysbios_family_arm_m3_Hwi_Module_State_0_excStack__A         
200113d2  ti_sysbios_family_arm_m3_Hwi_Module__id__C                      
20011dd4  ti_sysbios_family_arm_m3_Hwi_Module__root__V                    
20010a71  ti_sysbios_family_arm_m3_Hwi_Module__startupDone__F             
20010a71  ti_sysbios_family_arm_m3_Hwi_Module__startupDone__S             
20011c10  ti_sysbios_family_arm_m3_Hwi_Module__state__V                   
2000f419  ti_sysbios_family_arm_m3_Hwi_Module_startup__E                  
20011654  ti_sysbios_family_arm_m3_Hwi_NUM_INTERRUPTS__C                  
200113f4  ti_sysbios_family_arm_m3_Hwi_Object__DESC__C                    
20011280  ti_sysbios_family_arm_m3_Hwi_Object__PARAMS__C                  
[...]
20010c65  ti_sysbios_knl_Swi_Object__get__S                               
20010c79  SemaphoreP_pend                                                 
20010c8b  PWMTimerCC32XX_control                                          
20010cb9  ti_sysbios_hal_Hwi_Module_startup__E                            
20010ccb  xdc_runtime_Startup_exec__I                                     
20010cdd  HwiP_Params_init                                                
20010cf1  ti_sysbios_BIOS_getCpuFreq__E                                   
20010d01  ti_sysbios_BIOS_setThreadType__E                                
20010d11  ti_sysbios_BIOS_start__E                                        
20010d21  ti_sysbios_family_arm_m3_TaskSupport_glue                       
20010d31  ti_sysbios_gates_GateMutex_Instance_finalize__E                 
20010d41  ti_sysbios_knl_Mailbox_Object__get__S                           
20010d51  ti_sysbios_knl_Semaphore_Instance_finalize__E                   
20010d61  ti_sysbios_knl_Swi_disable__E                                   
20010d71  ti_sysbios_knl_Task_Object__get__S                              
20010d81  ti_sysbios_knl_Task_disable__E                                  
20010d91  xdc_runtime_Memory_free__E                                      
20010da1  xdc_runtime_SysCallback_abort__E                                
20010da1  xdc_runtime_System_SupportProxy_abort__E                        
20010db1  xdc_runtime_SysCallback_exit__E                                 
20010db1  xdc_runtime_System_SupportProxy_exit__E                         
20010dc1  __TI_decompress_none                                            
20010dd1  pthread_attr_setdetachstate                                     
20010de1  ti_sysbios_knl_Idle_loop__E                                     
20010df1  ti_sysbios_knl_Queue_empty__E                                   
20010dff  CC3220S_LAUNCHXL_initGeneral                                    
20010e0d  Power_getConstraintMask                                         
20010e19  SemaphoreP_delete                                               
20010e25  _register_lock                                                  
20010e31  _register_unlock                                                
20010e3d  __TI_zero_init                                                  
20010e49  ti_sysbios_family_arm_cc32xx_Seconds_get__E                     
20010e49  ti_sysbios_hal_Seconds_SecondsProxy_get__E                      
20010e49  ti_sysbios_hal_Seconds_get__E                                   
20010e55  ti_sysbios_family_arm_m3_Hwi_Params__init__S                    
20010e55  ti_sysbios_hal_Hwi_HwiProxy_Params__init__S                     
20010e61  ti_sysbios_family_arm_m3_Hwi_disableFxn__E                      
20010e61  ti_sysbios_hal_Hwi_HwiProxy_disable__E                          
20010e71  ti_sysbios_family_arm_m3_TaskSupport_getStackAlignment__E       
20010e71  ti_sysbios_knl_Task_SupportProxy_getStackAlignment__E           
20010e81  ti_sysbios_gates_GateHwi_enter__E                               
20010e91  ClockP_getSystemTicks                                           
20010e91  ti_sysbios_knl_Clock_getTicks__E                                
20010ea1  ti_sysbios_knl_Clock_setTicks__E                                
20010eb1  ti_sysbios_knl_Clock_tickStart__E                               
20010ec1  ti_sysbios_knl_Clock_tickStop__E                                
20010ecd  ti_sysbios_knl_Queue_Object__get__S                             
20010ed9  ti_sysbios_knl_Semaphore_Params__init__S                        
20010ee5  ti_sysbios_knl_Task_Params__init__S                             
20010ef1  ti_sysbios_knl_Task_self__E                                     
20010f01  ti_sysbios_rts_ti_ReentSupport_taskRegHook__I                   
20010f11  xdc_runtime_Startup_rtsDone__E                                  
20010f1d  PWM_setDuty                                                     
20010f27  PWM_start                                                       
20010f31  xdc_runtime_Memory_HeapProxy_alloc__E                           
20010f3b  xdc_runtime_Memory_HeapProxy_free__E                            
20010f45  Board_init                                                      
20010f51  pthread_attr_setstacksize                                       
20010f59  ti_sysbios_family_arm_m3_Hwi_doSwiRestore__I                    
20010f61  ti_sysbios_family_arm_m3_Hwi_startup__E                         
20010f61  ti_sysbios_hal_Hwi_HwiProxy_startup__E                          
20010f61  ti_sysbios_hal_Hwi_startup__E                                   
20010f69  UtilsDelay                                                      
20010f71  ti_sysbios_family_arm_m3_Hwi_doTaskRestore__I                   
20010f79  HwiP_restore                                                    
20010f79  ti_sysbios_family_arm_m3_Hwi_restoreFxn__E                      
20010f79  ti_sysbios_hal_Hwi_HwiProxy_restore__E                          
20010f81  ti_sysbios_gates_GateHwi_leave__E                               
20010f89  ti_sysbios_heaps_HeapMem_isBlocking__E                          
20010f91  ti_sysbios_knl_Queue_Instance_init__E                           
20010f99  ti_sysbios_knl_Swi_startup__E                                   
20010fa1  xdc_runtime_System_Module_startup__E                            
20010fa9  ti_sysbios_family_arm_m3_Timer_getMaxTicks__E                   
20010fb1  ti_sysbios_gates_GateHwi_query__E                               
20010fb1  xdc_runtime_Main_Module_GateProxy_query__E                      
20010fb1  xdc_runtime_System_Module_GateProxy_query__E                    
20010fb9  ti_sysbios_BIOS_RtsGateProxy_query__E                           
20010fb9  ti_sysbios_gates_GateMutex_query__E                             
20010fb9  ti_sysbios_heaps_HeapMem_Module_GateProxy_query__E              
20010fc1  ti_sysbios_knl_Task_startup__E                                  
20010fc9  ti_sysbios_BIOS_linkedWithIncorrectBootLibrary__E               
20010fd1  ti_sysbios_gates_GateHwi_Instance_init__E                       
20010fd9  ti_sysbios_knl_Clock_logTick__E                                 
20010fe1  xdc_runtime_SysCallback_defaultAbort                            
20010fe9  xdc_runtime_SysCallback_defaultExit                             
20010ff1  xdc_runtime_System_abortSpin__E                                 
20010ff9  xdc_runtime_System_exitSpin__E                                  
200111fc  ti_sysbios_knl_Task_Object__PARAMS__C                           
20011240  PowerCC32XX_config                                              
20011280  ti_sysbios_family_arm_m3_Hwi_Object__PARAMS__C                  
200112b0  ti_sysbios_heaps_HeapMem_Module__FXNS__C                        
200112d8  PWMTimerCC32XX_fxnTable                                         
200112fc  PWM_config                                                      
20011320  ti_sysbios_gates_GateHwi_Module__FXNS__C                        
20011344  ti_sysbios_gates_GateMutex_Module__FXNS__C                      
20011368  ti_sysbios_heaps_HeapMem_Object__PARAMS__C                      
2001138c  ti_sysbios_knl_Semaphore_Object__PARAMS__C                      
200113d1  ti_sysbios_knl_Clock_tickMode__C                                
200113d2  ti_sysbios_family_arm_m3_Hwi_Module__id__C                      
200113f4  ti_sysbios_family_arm_m3_Hwi_Object__DESC__C                    
20011414  ti_sysbios_gates_GateHwi_Object__DESC__C                        
20011434  ti_sysbios_gates_GateMutex_Object__DESC__C                      
20011454  ti_sysbios_heaps_HeapMem_Object__DESC__C                        
20011474  ti_sysbios_knl_Queue_Object__DESC__C                            
20011494  ti_sysbios_knl_Semaphore_Object__DESC__C                        
200114b4  ti_sysbios_knl_Task_Object__DESC__C                             
200114d4  xdc_runtime_Startup_sfxnTab__A                                  
200114f4  PWM_defaultParams                                               
2001150c  ti_sysbios_gates_GateHwi_Object__PARAMS__C                      
20011524  ti_sysbios_gates_GateMutex_Object__PARAMS__C                    
2001153c  ti_sysbios_knl_Queue_Object__PARAMS__C                          
20011554  ti_sysbios_knl_Task_hooks__A                                    
2001156c  GPIOCC32XX_config                                               
200115c8  xdc_runtime_Startup_sfxnRts__A                                  
200115d8  ADC_count                                                       
200115d9  Capture_count                                                   
200115da  CryptoCC32XX_count                                              
200115db  Display_count                                                   
200115dc  I2C_count                                                       
200115dd  I2S_count                                                       
200115de  PWM_count                                                       
200115df  SDFatFS_count                                                   
200115e0  SD_count                                                        
200115e1  SPI_count                                                       
200115e2  Timer_count                                                     
200115e3  UART_count                                                      
200115e4  Watchdog_count                                                  
200115e5  ti_sysbios_knl_Clock_tickSource__C                              
200115e6  ti_sysbios_family_arm_m3_Timer_Module__id__C                    
200115e8  pwmTimerCC3220SHWAttrs                                          
200115f4  xdc_runtime_Startup_firstFxns__A                                
20011600  outPinTypes                                                     
20011608  ti_sysbios_knl_Idle_funcList__A                                 
20011610  ti_sysbios_knl_Idle_funcList__C                                 
20011618  ti_sysbios_knl_Task_hooks__C                                    
20011628  xdc_runtime_Startup_firstFxns__C                                
20011630  xdc_runtime_Startup_lastFxns__C                                 
2001163e  inPinTypes                                                      
20011644  outPinStrengths                                                 
2001164e  ti_sysbios_heaps_HeapMem_Module__id__C                          
20011650  ti_sysbios_family_arm_m3_Hwi_E_alreadyDefined__C                
20011654  ti_sysbios_family_arm_m3_Hwi_NUM_INTERRUPTS__C                  
20011658  ti_sysbios_family_arm_m3_Hwi_Object__count__C                   
2001165c  ti_sysbios_family_arm_m3_Hwi_ccr__C                             
20011660  ti_sysbios_family_arm_m3_Hwi_excHandlerFunc__C                  
20011664  ti_sysbios_family_arm_m3_Hwi_nullIsrFunc__C                     
20011668  ti_sysbios_family_arm_m3_Hwi_priGroup__C                        
2001166c  ti_sysbios_family_arm_m3_Hwi_swiDisable__C                      
20011670  ti_sysbios_family_arm_m3_Hwi_swiRestore__C                      
20011674  ti_sysbios_family_arm_m3_TaskSupport_stackAlignment__C          
20011678  ti_sysbios_family_arm_m3_Timer_E_cannotSupport__C               
2001167c  ti_sysbios_family_arm_m3_Timer_startupNeeded__C                 
20011680  ti_sysbios_gates_GateMutex_Instance_State_sem__O                
20011684  ti_sysbios_heaps_HeapMem_E_memory__C                            
20011688  ti_sysbios_heaps_HeapMem_Module__gateObj__C                     
2001168c  ti_sysbios_heaps_HeapMem_Object__count__C                       
20011690  ti_sysbios_heaps_HeapMem_primaryHeapBaseAddr__C                 
20011694  ti_sysbios_heaps_HeapMem_primaryHeapEndAddr__C                  
20011698  ti_sysbios_heaps_HeapMem_reqAlign__C                            
2001169c  ti_sysbios_knl_Clock_Module_State_clockQ__O                     
200116a0  ti_sysbios_knl_Clock_tickPeriod__C                              
200116a4  ti_sysbios_knl_Mailbox_Instance_State_freeQue__O                
200116a8  ti_sysbios_knl_Mailbox_Object__count__C                         
200116ac  ti_sysbios_knl_Mailbox_maxTypeAlign__C                          
200116b0  ti_sysbios_knl_Semaphore_Instance_State_pendQ__O                
200116b4  ti_sysbios_knl_Swi_Object__count__C                             
200116b8  ti_sysbios_knl_Task_Module_State_inactiveQ__O                   
200116bc  ti_sysbios_knl_Task_Object__count__C                            
200116c0  ti_sysbios_knl_Task_Object__heap__C                             
200116c4  ti_sysbios_knl_Task_allBlockedFunc__C                           
200116c8  ti_sysbios_knl_Task_defaultStackHeap__C                         
200116cc  ti_sysbios_knl_Task_defaultStackSize__C                         
200116d0  ti_sysbios_knl_Task_numConstructedTasks__C                      
200116d4  xdc_runtime_Error_E_memory__C                                   
200116d8  xdc_runtime_Error_policyFxn__C                                  
200116dc  xdc_runtime_IGateProvider_Interface__BASE__C                    
200116e0  xdc_runtime_IHeap_Interface__BASE__C                            
200116e4  xdc_runtime_IModule_Interface__BASE__C                          
200116e8  xdc_runtime_Memory_defaultHeapInstance__C                       
200116ec  xdc_runtime_Startup_execImpl__C                                 
200116f0  xdc_runtime_Startup_maxPasses__C                                
200116f4  xdc_runtime_Startup_sfxnRts__C                                  
200116f8  xdc_runtime_Startup_sfxnTab__C                                  
200116fc  xdc_runtime_SysCallback_abortFxn__C                             
20011700  xdc_runtime_SysCallback_exitFxn__C                              
20011704  xdc_runtime_System_Module__gateObj__C                           
20011708  xdc_runtime_System_abortFxn__C                                  
2001170c  xdc_runtime_System_exitFxn__C                                   
20011710  xdc_runtime_System_maxAtexitHandlers__C                         
20011714  xdc_runtime_Text_charTab__C                                     
20011718  xdc_runtime_Text_nameEmpty__C                                   
2001171c  xdc_runtime_Text_nameStatic__C                                  
20011720  xdc_runtime_Text_nameUnknown__C                                 
20011724  xdc_runtime_Memory_Module__id__C                                
20011726  xdc_runtime_Text_charCnt__C                                     
20011728  xdc_runtime_Text_isLoaded__C                                    
2001172a  xdc_runtime_Error_policy__C                                     
2001172b  xdc_runtime_Text_charTab__A                                     
2001172c  PowerCC32XX_module                                              
20011898  parkInfo                                                        
20011a18  ti_sysbios_knl_Swi_Module_State_0_readyQ__A                     
20011a98  ti_sysbios_knl_Task_Module_State_0_readyQ__A                    
20011b18  ti_sysbios_knl_Task_Object__table__V                            
20011b74  ti_sysbios_gates_GateMutex_Object__table__V                     
20011bc8  ti_sysbios_knl_Task_Module__state__V                            
20011c10  ti_sysbios_family_arm_m3_Hwi_Module__state__V                   
20011c44  ti_sysbios_family_arm_m3_Timer_Object__table__V                 
20011c74  ti_sysbios_knl_Swi_Object__table__V                             
20011ca4  ti_sysbios_knl_Clock_Module__state__V                           
20011cd0  gpioPinConfigs                                                  
20011cf4  ti_sysbios_BIOS_Module__state__V                                
20011d18  xdc_runtime_Error_IgnoreBlock                                   
20011d38  ti_sysbios_knl_Swi_Module__state__V                             
20011d54  ti_sysbios_family_arm_m3_Hwi_Object__table__V                   
20011d6c  ti_sysbios_heaps_HeapMem_Object__table__V                       
20011d84  gpioCallbackFunctions                                           
20011d94  color                                                           
20011d98  blueDuty                                                        
20011d9a  redDuty                                                         
20011d9c  greenDuty                                                       
20011da0  flag                                                            
20011da4  ti_sysbios_family_arm_cc32xx_Seconds_Module__state__V           
20011db4  ti_sysbios_family_arm_m3_Timer_Module__state__V                 
20011dca  ti_sysbios_family_arm_m3_Hwi_Module_State_0_excActive__A        
20011dcc  _lock                                                           
20011dd0  _unlock                                                         
20011dd4  ti_sysbios_family_arm_m3_Hwi_Module__root__V                    
20011ddc  ti_sysbios_gates_GateHwi_Module__root__V                        
20011de4  ti_sysbios_gates_GateMutex_Module__root__V                      
20011dec  ti_sysbios_heaps_HeapMem_Module__root__V                        
20011df4  ti_sysbios_knl_Queue_Module__root__V                            
20011dfc  ti_sysbios_knl_Semaphore_Module__root__V                        
20011e04  ti_sysbios_knl_Task_Module__root__V                             
20011e0c  xdc_runtime_Startup_Module__state__V                            
20011e14  xdc_runtime_System_Module_State_0_atexitHandlers__A             
20011e1c  xdc_runtime_System_Module__state__V                             
20011e24  main_func_sp                                                    
20011e28  ti_sysbios_family_arm_m3_Hwi_Module_State_0_excContext__A       
20011e2c  ti_sysbios_family_arm_m3_Hwi_Module_State_0_excStack__A         
20011e30  ti_sysbios_gates_GateHwi_Object__table__V                       
20011e34  ti_sysbios_knl_Task_Module_State_0_idleTask__A                  
20011e38  ti_sysbios_rts_ti_ReentSupport_Module__state__V                 
20011e3c  xdc_runtime_Memory_Module__state__V                             
20011e40  ti_sysbios_family_arm_m3_Hwi_dispatchTable                      
20012150  ti_sysbios_knl_Task_Instance_State_0_stack__A                   
20012350  PowerCC32XX_contextSave                                         
2001247c  pwmTimerCC3220SObjects                                          
20012520  ti_sysbios_knl_Task_Instance_State_0_hookEnv__A                 
20012528  __TI_static_base__                                              
20012778  __TI_Handler_Table_Base                                         
20012784  __TI_Handler_Table_Limit                                        
20012790  __TI_CINIT_Base                                                 
200127a0  __TI_CINIT_Limit                                                
e000e000  ti_sysbios_family_arm_m3_Hwi_nvic                               
ffffffff  __TI_pprof_out_hndl                                             
ffffffff  __TI_prof_data_size                                             
ffffffff  __TI_prof_data_start                                            
ffffffff  __binit__                                                       
ffffffff  __c_args__                                                      
ffffffff  binit                                                           
UNDEFED   SHT$$INIT_ARRAY$$Base                                           
UNDEFED   SHT$$INIT_ARRAY$$Limit                                          

[531 symbols]
